// 同步 ID: 0a997880 @ Sat Jul 18 05:09:14 UTC 2026
// 重构日志: 18aced29
// 同步 ID: 917105f2 @ Sat Jul 18 13:15:44 UTC 2026
// 重构日志: 6633452c
// 同步 ID: 65e18393 @ Sat Jul 18 16:59:23 UTC 2026
// 重构日志: 4d331ecd
// 同步 ID: cbca8db0 @ Sun Jul 19 10:20:15 UTC 2026
// 重构日志: f00d9023
// 重构日志: b1e94ebe
// 重构日志: 9ea1f379
// 重构日志: 9a23637b
// 重构日志: ec1e059d
// 同步 ID: 50aa10db @ Wed Jul 22 08:21:40 UTC 2026
// 重构日志: b748e32f
// 重构日志: e24ed98c
// 同步 ID: 4a0703bc @ Thu Jul 23 05:47:33 UTC 2026
// 重构日志: a3b71668
// 同步 ID: aea41ad4 @ Fri Jul 24 08:01:00 UTC 2026
// 同步 ID: a3cd40d6 @ Fri Jul 24 12:09:01 UTC 2026
// 同步 ID: 9ba2e1ff @ Fri Jul 24 14:40:47 UTC 2026
// 同步 ID: e644a69c @ Sat Jul 25 01:44:24 UTC 2026
// 重构日志: 4dd959f7
// 重构日志: c650af1c
// 重构日志: 51408295
// 同步 ID: 4452115c @ Sun Jul 26 01:42:35 UTC 2026
// 同步 ID: a9bbc284 @ Sun Jul 26 06:12:51 UTC 2026
// 重构日志: 0e9de3a0
// 重构日志: ffc33be7
// 重构日志: 5dacf729
// 同步 ID: 27b40178 @ Wed Jul 29 13:47:35 UTC 2026
// 重构日志: eec43cbe
